nohup: ignoring input
============================= test session starts ==============================
platform linux -- Python 3.6.5, pytest-3.2.3, py-1.4.34, pluggy-0.4.0
rootdir: /home/dzubke/awni_speech/speech/tests/pytest_files, inifile:
collected 1 item

test_nj_all_noise.py   0%|          | 0/863 [00:00<?, ?it/s]  0%|          | 1/863 [01:32<22:06:21, 92.32s/it]  0%|          | 2/863 [11:15<57:19:06, 239.66s/it]  0%|          | 3/863 [14:36<54:28:53, 228.06s/it]  0%|          | 4/863 [14:58<39:37:09, 166.04s/it]  1%|          | 5/863 [15:56<31:50:49, 133.62s/it]  1%|          | 6/863 [16:45<25:49:22, 108.47s/it]  1%|          | 7/863 [18:13<24:18:58, 102.26s/it]  1%|          | 8/863 [25:59<50:11:19, 211.32s/it]  1%|          | 9/863 [29:44<51:04:43, 215.32s/it]  1%|          | 10/863 [30:08<37:27:52, 158.11s/it]  1%|▏         | 11/863 [30:38<28:17:54, 119.57s/it]  1%|▏         | 12/863 [31:02<21:27:50, 90.80s/it]   2%|▏         | 13/863 [33:04<23:39:54, 100.23s/it]  2%|▏         | 14/863 [35:24<26:29:59, 112.37s/it]  2%|▏         | 15/863 [38:49<32:59:04, 140.03s/it]  2%|▏         | 16/863 [39:31<26:02:51, 110.71s/it]  2%|▏         | 17/863 [39:40<18:47:49, 79.99s/it]   2%|▏         | 18/863 [40:20<15:59:43, 68.15s/it]  2%|▏         | 19/863 [46:03<35:16:03, 150.43s/it]  2%|▏         | 20/863 [46:14<25:27:07, 108.69s/it]  2%|▏         | 21/863 [46:25<18:35:54, 79.52s/it]   3%|▎         | 22/863 [46:33<13:31:59, 57.93s/it]  3%|▎         | 23/863 [46:46<10:23:34, 44.54s/it]  3%|▎         | 24/863 [52:47<32:29:15, 139.40s/it]  3%|▎         | 25/863 [53:00<23:39:24, 101.63s/it]  3%|▎         | 26/863 [53:27<18:24:42, 79.19s/it]   3%|▎         | 27/863 [54:41<17:58:46, 77.42s/it]  3%|▎         | 28/863 [57:02<22:26:46, 96.77s/it]  3%|▎         | 29/863 [57:34<17:53:11, 77.21s/it]  3%|▎         | 30/863 [58:29<16:19:10, 70.53s/it]  4%|▎         | 31/863 [58:58<13:26:34, 58.17s/it]  4%|▎         | 32/863 [59:23<11:06:18, 48.11s/it]  4%|▍         | 33/863 [59:32<8:22:58, 36.36s/it]   4%|▍         | 34/863 [59:50<7:06:06, 30.84s/it]  4%|▍         | 35/863 [1:01:01<9:52:12, 42.91s/it]  4%|▍         | 36/863 [1:01:20<8:11:02, 35.63s/it]  4%|▍         | 37/863 [1:01:44<7:22:25, 32.14s/it]  4%|▍         | 38/863 [1:02:50<9:41:44, 42.31s/it]  5%|▍         | 39/863 [1:03:52<11:04:26, 48.38s/it]  5%|▍         | 40/863 [1:03:59<8:13:58, 36.01s/it]   5%|▍         | 41/863 [1:04:11<6:33:17, 28.71s/it]  5%|▍         | 42/863 [1:04:56<7:38:43, 33.52s/it]  5%|▍         | 43/863 [1:05:04<5:52:48, 25.82s/it]  5%|▌         | 44/863 [1:10:34<26:41:51, 117.35s/it]  5%|▌         | 45/863 [1:12:52<28:02:54, 123.44s/it]  5%|▌         | 46/863 [1:13:44<23:08:20, 101.96s/it]  5%|▌         | 47/863 [1:14:00<17:15:59, 76.18s/it]   6%|▌         | 48/863 [1:15:07<16:35:44, 73.31s/it]  6%|▌         | 49/863 [1:16:12<16:01:28, 70.87s/it]  6%|▌         | 50/863 [1:17:37<16:57:03, 75.06s/it]  6%|▌         | 51/863 [1:17:57<13:14:01, 58.67s/it]  6%|▌         | 52/863 [1:18:04<9:42:44, 43.11s/it]   6%|▌         | 53/863 [1:18:13<7:24:52, 32.95s/it]  6%|▋         | 54/863 [1:18:20<5:38:01, 25.07s/it]  6%|▋         | 55/863 [1:21:20<16:04:45, 71.64s/it]  6%|▋         | 56/863 [1:22:01<13:58:09, 62.32s/it]  7%|▋         | 57/863 [1:22:11<10:27:57, 46.75s/it]  7%|▋         | 58/863 [1:22:55<10:15:54, 45.91s/it]  7%|▋         | 59/863 [1:23:07<7:58:43, 35.73s/it]   7%|▋         | 60/863 [1:23:24<6:42:32, 30.08s/it]  7%|▋         | 61/863 [1:24:55<10:48:39, 48.53s/it]  7%|▋         | 62/863 [1:26:18<13:04:10, 58.74s/it]  7%|▋         | 63/863 [1:26:31<10:02:06, 45.16s/it]  7%|▋         | 64/863 [1:30:50<24:14:48, 109.25s/it]  8%|▊         | 65/863 [1:31:15<18:35:36, 83.88s/it]   8%|▊         | 66/863 [1:32:15<17:00:42, 76.84s/it]  8%|▊         | 67/863 [1:32:25<12:33:09, 56.77s/it]  8%|▊         | 68/863 [1:33:35<13:21:37, 60.50s/it]  8%|▊         | 69/863 [1:34:04<11:19:27, 51.34s/it]  8%|▊         | 70/863 [1:37:27<21:18:40, 96.75s/it]  8%|▊         | 71/863 [1:38:34<19:18:30, 87.77s/it]  8%|▊         | 72/863 [1:38:54<14:49:28, 67.47s/it]  8%|▊         | 73/863 [1:39:59<14:39:03, 66.76s/it]  9%|▊         | 74/863 [1:41:54<17:47:38, 81.19s/it]  9%|▊         | 75/863 [1:52:01<52:18:38, 238.98s/it]  9%|▉         | 76/863 [1:53:34<42:40:21, 195.20s/it]  9%|▉         | 77/863 [1:55:07<35:53:55, 164.42s/it]  9%|▉         | 78/863 [2:09:43<82:24:43, 377.94s/it]  9%|▉         | 79/863 [2:16:03<82:24:54, 378.44s/it]  9%|▉         | 80/863 [2:35:43<134:38:29, 619.04s/it]  9%|▉         | 81/863 [2:36:41<97:52:49, 450.60s/it]  10%|▉         | 82/863 [2:37:23<71:11:57, 328.19s/it] 10%|▉         | 83/863 [2:39:51<59:20:57, 273.92s/it] 10%|▉         | 84/863 [2:40:15<43:06:39, 199.23s/it] 10%|▉         | 85/863 [2:40:46<32:06:35, 148.58s/it] 10%|▉         | 86/863 [2:41:54<26:51:18, 124.42s/it] 10%|█         | 87/863 [2:49:33<48:27:24, 224.80s/it] 10%|█         | 88/863 [2:50:40<38:14:24, 177.63s/it] 10%|█         | 89/863 [2:51:17<29:06:01, 135.35s/it] 10%|█         | 90/863 [3:00:34<56:11:28, 261.69s/it] 11%|█         | 91/863 [3:01:27<42:44:31, 199.32s/it] 11%|█         | 92/863 [3:04:54<43:07:46, 201.38s/it] 11%|█         | 93/863 [3:08:41<44:46:08, 209.31s/it] 11%|█         | 94/863 [3:10:48<39:24:07, 184.46s/it] 11%|█         | 95/863 [3:14:36<42:08:31, 197.54s/it] 11%|█         | 96/863 [3:15:10<31:38:23, 148.51s/it] 11%|█         | 97/863 [3:16:16<26:20:39, 123.81s/it] 11%|█▏        | 98/863 [3:16:51<20:35:55, 96.94s/it]  11%|█▏        | 99/863 [3:19:01<22:43:56, 107.12s/it] 12%|█▏        | 100/863 [3:20:03<19:48:31, 93.46s/it] 12%|█▏        | 101/863 [3:21:11<18:08:17, 85.69s/it] 12%|█▏        | 102/863 [3:22:20<17:04:44, 80.79s/it] 12%|█▏        | 103/863 [3:25:17<23:10:40, 109.79s/it] 12%|█▏        | 104/863 [3:29:34<32:25:26, 153.79s/it] 12%|█▏        | 105/863 [3:30:38<26:42:57, 126.88s/it] 12%|█▏        | 106/863 [3:31:06<20:28:27, 97.37s/it]  12%|█▏        | 107/863 [3:37:11<37:16:26, 177.50s/it] 13%|█▎        | 108/863 [3:47:42<65:45:51, 313.58s/it] 13%|█▎        | 109/863 [3:54:33<71:47:09, 342.75s/it] 13%|█▎        | 110/863 [3:59:51<70:09:58, 335.46s/it] 13%|█▎        | 111/863 [4:00:48<52:35:27, 251.77s/it] 13%|█▎        | 112/863 [4:01:36<39:48:49, 190.85s/it] 13%|█▎        | 113/863 [4:02:31<31:13:11, 149.86s/it] 13%|█▎        | 114/863 [4:03:57<27:12:37, 130.78s/it] 13%|█▎        | 115/863 [4:06:11<27:21:18, 131.66s/it] 13%|█▎        | 116/863 [4:14:33<50:22:38, 242.78s/it] 14%|█▎        | 117/863 [4:19:43<54:31:14, 263.10s/it] 14%|█▎        | 118/863 [4:23:47<53:16:41, 257.45s/it] 14%|█▍        | 119/863 [4:24:26<39:39:48, 191.92s/it] 14%|█▍        | 120/863 [4:25:37<32:04:59, 155.45s/it] 14%|█▍        | 121/863 [4:29:32<36:57:19, 179.30s/it] 14%|█▍        | 122/863 [4:30:32<29:34:21, 143.67s/it] 14%|█▍        | 123/863 [4:41:26<61:00:28, 296.80s/it] 14%|█▍        | 124/863 [4:44:56<55:32:04, 270.53s/it] 14%|█▍        | 125/863 [4:50:01<57:34:44, 280.87s/it] 15%|█▍        | 126/863 [4:53:34<53:21:24, 260.63s/it] 15%|█▍        | 127/863 [5:04:48<78:38:20, 384.65s/it] 15%|█▍        | 128/863 [5:17:28<101:31:35, 497.27s/it] 15%|█▍        | 129/863 [5:20:22<81:36:57, 400.30s/it]  15%|█▌        | 130/863 [5:20:49<58:41:58, 288.29s/it] 15%|█▌        | 131/863 [5:22:11<46:01:00, 226.31s/it] 15%|█▌        | 132/863 [5:33:42<74:16:53, 365.82s/it] 15%|█▌        | 133/863 [5:34:06<53:21:21, 263.13s/it] 16%|█▌        | 134/863 [5:36:52<47:23:09, 234.00s/it] 16%|█▌        | 135/863 [5:37:27<35:16:28, 174.44s/it] 16%|█▌        | 136/863 [5:39:06<30:37:11, 151.62s/it] 16%|█▌        | 137/863 [5:42:23<33:21:59, 165.45s/it] 16%|█▌        | 138/863 [5:42:39<24:16:45, 120.56s/it] 16%|█▌        | 139/863 [5:43:43<20:50:21, 103.62s/it] 16%|█▌        | 140/863 [5:44:30<17:21:51, 86.46s/it]  16%|█▋        | 141/863 [5:45:18<15:03:44, 75.10s/it]