nohup: ignoring input
/home/dzubke/miniconda3/envs/awni_env36/lib/python3.6/site-packages/torch/serialization.py:425: SourceChangeWarning: source code of class 'speech.models.ctc_model_train.CTC_train' has changed. you can retrieve the original source code by accessing the object's source attribute or set `torch.nn.Module.dump_patches = True` and use the patch tool to revert the changes.
  warnings.warn(msg, SourceChangeWarning)
  0%|          | 0/96139 [00:00<?, ?it/s]  0%|          | 0/96139 [00:05<?, ?it/s, avg_loss=3.74, data_time=4.32, grad_norm=1.08e+3, iter=0, loss=374, model_time=1.64]  0%|          | 1/96139 [00:05<159:18:27,  5.97s/it, avg_loss=3.74, data_time=4.32, grad_norm=1.08e+3, iter=0, loss=374, model_time=1.64]  0%|          | 1/96139 [00:09<159:18:27,  5.97s/it, avg_loss=4.37, data_time=7.23, grad_norm=105, iter=1, loss=66.4, model_time=2.29]     0%|          | 2/96139 [00:09<140:03:58,  5.24s/it, avg_loss=4.37, data_time=7.23, grad_norm=105, iter=1, loss=66.4, model_time=2.29]  0%|          | 2/96139 [00:12<140:03:58,  5.24s/it, avg_loss=5.55, data_time=9.37, grad_norm=418, iter=2, loss=123, model_time=3.08]   0%|          | 3/96139 [00:12<121:31:08,  4.55s/it, avg_loss=5.55, data_time=9.37, grad_norm=418, iter=2, loss=123, model_time=3.08]  0%|          | 3/96139 [00:17<121:31:08,  4.55s/it, avg_loss=7.98, data_time=13.4, grad_norm=756, iter=3, loss=249, model_time=4.34]  0%|          | 4/96139 [00:17<127:35:12,  4.78s/it, avg_loss=7.98, data_time=13.4, grad_norm=756, iter=3, loss=249, model_time=4.34]  0%|          | 4/96139 [00:24<127:35:12,  4.78s/it, avg_loss=15.3, data_time=18, grad_norm=1.57e+3, iter=4, loss=739, model_time=6.73]  0%|          | 5/96139 [00:24<144:55:35,  5.43s/it, avg_loss=15.3, data_time=18, grad_norm=1.57e+3, iter=4, loss=739, model_time=6.73]  0%|          | 5/96139 [00:31<144:55:35,  5.43s/it, avg_loss=21.4, data_time=22.8, grad_norm=1.9e+3, iter=5, loss=627, model_time=8.98]  0%|          | 6/96139 [00:31<158:23:55,  5.93s/it, avg_loss=21.4, data_time=22.8, grad_norm=1.9e+3, iter=5, loss=627, model_time=8.98]  0%|          | 6/96139 [00:39<158:23:55,  5.93s/it, avg_loss=28, data_time=28.2, grad_norm=1.62e+3, iter=6, loss=680, model_time=11.4]   0%|          | 7/96139 [00:39<173:16:47,  6.49s/it, avg_loss=28, data_time=28.2, grad_norm=1.62e+3, iter=6, loss=680, model_time=11.4]  0%|          | 7/96139 [00:43<173:16:47,  6.49s/it, avg_loss=29.6, data_time=31.1, grad_norm=751, iter=7, loss=187, model_time=12.6]    0%|          | 8/96139 [00:43<153:39:27,  5.75s/it, avg_loss=29.6, data_time=31.1, grad_norm=751, iter=7, loss=187, model_time=12.6]  0%|          | 8/96139 [00:49<153:39:27,  5.75s/it, avg_loss=33.8, data_time=35, grad_norm=786, iter=8, loss=450, model_time=14.4]    0%|          | 9/96139 [00:49<153:56:48,  5.77s/it, avg_loss=33.8, data_time=35, grad_norm=786, iter=8, loss=450, model_time=14.4]  0%|          | 9/96139 [00:55<153:56:48,  5.77s/it, avg_loss=37.6, data_time=39.7, grad_norm=818, iter=9, loss=419, model_time=16.2]  0%|          | 10/96139 [00:55<159:25:22,  5.97s/it, avg_loss=37.6, data_time=39.7, grad_norm=818, iter=9, loss=419, model_time=16.2]  0%|          | 10/96139 [01:01<159:25:22,  5.97s/it, avg_loss=41.1, data_time=42.9, grad_norm=1.14e+3, iter=10, loss=382, model_time=18.1]  0%|          | 11/96139 [01:01<152:53:36,  5.73s/it, avg_loss=41.1, data_time=42.9, grad_norm=1.14e+3, iter=10, loss=382, model_time=18.1]  0%|          | 11/96139 [01:06<152:53:36,  5.73s/it, avg_loss=41.6, data_time=47, grad_norm=2.92e+3, iter=11, loss=98, model_time=19.4]     0%|          | 12/96139 [01:06<150:00:34,  5.62s/it, avg_loss=41.6, data_time=47, grad_norm=2.92e+3, iter=11, loss=98, model_time=19.4]  0%|          | 12/96139 [01:13<150:00:34,  5.62s/it, avg_loss=48.3, data_time=51.7, grad_norm=3.85e+3, iter=12, loss=707, model_time=22.2]  0%|          | 13/96139 [01:13<165:00:27,  6.18s/it, avg_loss=48.3, data_time=51.7, grad_norm=3.85e+3, iter=12, loss=707, model_time=22.2]  0%|          | 13/96139 [01:19<165:00:27,  6.18s/it, avg_loss=50.2, data_time=55.4, grad_norm=1.58e+3, iter=13, loss=242, model_time=24]    0%|          | 14/96139 [01:19<159:10:09,  5.96s/it, avg_loss=50.2, data_time=55.4, grad_norm=1.58e+3, iter=13, loss=242, model_time=24]  0%|          | 14/96139 [01:24<159:10:09,  5.96s/it, avg_loss=52.1, data_time=58.9, grad_norm=669, iter=14, loss=232, model_time=25.8]    0%|          | 15/96139 [01:24<154:07:59,  5.77s/it, avg_loss=52.1, data_time=58.9, grad_norm=669, iter=14, loss=232, model_time=25.8]  0%|          | 15/96139 [01:29<154:07:59,  5.77s/it, avg_loss=53.1, data_time=62.4, grad_norm=359, iter=15, loss=153, model_time=27.4]  0%|          | 16/96139 [01:29<149:11:00,  5.59s/it, avg_loss=53.1, data_time=62.4, grad_norm=359, iter=15, loss=153, model_time=27.4]  0%|          | 16/96139 [01:37<149:11:00,  5.59s/it, avg_loss=57.9, data_time=67.7, grad_norm=1.33e+3, iter=16, loss=537, model_time=30.2]  0%|          | 17/96139 [01:37<169:24:26,  6.34s/it, avg_loss=57.9, data_time=67.7, grad_norm=1.33e+3, iter=16, loss=537, model_time=30.2]  0%|          | 17/96139 [01:45<169:24:26,  6.34s/it, avg_loss=61.5, data_time=72.5, grad_norm=2.82e+3, iter=17, loss=414, model_time=32.7]  0%|          | 18/96139 [01:45<176:46:04,  6.62s/it, avg_loss=61.5, data_time=72.5, grad_norm=2.82e+3, iter=17, loss=414, model_time=32.7]  0%|          | 18/96139 [01:52<176:46:04,  6.62s/it, avg_loss=64.2, data_time=77.6, grad_norm=885, iter=18, loss=340, model_time=35.1]      0%|          | 19/96139 [01:52<184:20:06,  6.90s/it, avg_loss=64.2, data_time=77.6, grad_norm=885, iter=18, loss=340, model_time=35.1]  0%|          | 19/96139 [02:04<184:20:06,  6.90s/it, avg_loss=69.1, data_time=83.3, grad_norm=1.39e+3, iter=19, loss=553, model_time=41.2]  0%|          | 20/96139 [02:04<222:53:52,  8.35s/it, avg_loss=69.1, data_time=83.3, grad_norm=1.39e+3, iter=19, loss=553, model_time=41.2]  0%|          | 20/96139 [02:14<222:53:52,  8.35s/it, avg_loss=73.8, data_time=89.8, grad_norm=1.6e+3, iter=20, loss=532, model_time=44.5]   0%|          | 21/96139 [02:14<234:11:57,  8.77s/it, avg_loss=73.8, data_time=89.8, grad_norm=1.6e+3, iter=20, loss=532, model_time=44.5]  0%|          | 21/96139 [02:21<234:11:57,  8.77s/it, avg_loss=76.8, data_time=93.9, grad_norm=932, iter=21, loss=383, model_time=47.5]     0%|          | 22/96139 [02:21<221:30:43,  8.30s/it, avg_loss=76.8, data_time=93.9, grad_norm=932, iter=21, loss=383, model_time=47.5]  0%|          | 22/96139 [02:31<221:30:43,  8.30s/it, avg_loss=81, data_time=100, grad_norm=2.83e+3, iter=22, loss=493, model_time=51.1]  0%|          | 23/96139 [02:31<233:41:04,  8.75s/it, avg_loss=81, data_time=100, grad_norm=2.83e+3, iter=22, loss=493, model_time=51.1]  0%|          | 23/96139 [02:36<233:41:04,  8.75s/it, avg_loss=81.3, data_time=103, grad_norm=270, iter=23, loss=108, model_time=53.5]    0%|          | 24/96139 [02:36<205:58:37,  7.71s/it, avg_loss=81.3, data_time=103, grad_norm=270, iter=23, loss=108, model_time=53.5]  0%|          | 24/96139 [02:42<205:58:37,  7.71s/it, avg_loss=81.3, data_time=107, grad_norm=397, iter=24, loss=86.6, model_time=55.7]  0%|          | 25/96139 [02:42<190:30:20,  7.14s/it, avg_loss=81.3, data_time=107, grad_norm=397, iter=24, loss=86.6, model_time=55.7]  0%|          | 25/96139 [02:49<190:30:20,  7.14s/it, avg_loss=83.1, data_time=111, grad_norm=673, iter=25, loss=259, model_time=58.6]   0%|          | 26/96139 [02:49<188:22:45,  7.06s/it, avg_loss=83.1, data_time=111, grad_norm=673, iter=25, loss=259, model_time=58.6]  0%|          | 26/96139 [02:55<188:22:45,  7.06s/it, avg_loss=85.7, data_time=114, grad_norm=352, iter=26, loss=344, model_time=61.5]  0%|          | 27/96139 [02:55<183:02:07,  6.86s/it, avg_loss=85.7, data_time=114, grad_norm=352, iter=26, loss=344, model_time=61.5]  0%|          | 27/96139 [03:07<183:02:07,  6.86s/it, avg_loss=90.1, data_time=118, grad_norm=4.88e+3, iter=27, loss=520, model_time=68.9]  0%|          | 28/96139 [03:07<221:48:23,  8.31s/it, avg_loss=90.1, data_time=118, grad_norm=4.88e+3, iter=27, loss=520, model_time=68.9]  0%|          | 28/96139 [03:15<221:48:23,  8.31s/it, avg_loss=94.4, data_time=123, grad_norm=1.6e+3, iter=28, loss=528, model_time=72.5]   0%|          | 29/96139 [03:15<223:20:45,  8.37s/it, avg_loss=94.4, data_time=123, grad_norm=1.6e+3, iter=28, loss=528, model_time=72.5]  0%|          | 29/96139 [03:24<223:20:45,  8.37s/it, avg_loss=99.4, data_time=128, grad_norm=2.26e+3, iter=29, loss=587, model_time=75.9]  0%|          | 30/96139 [03:24<222:21:47,  8.33s/it, avg_loss=99.4, data_time=128, grad_norm=2.26e+3, iter=29, loss=587, model_time=75.9]  0%|          | 30/96139 [03:30<222:21:47,  8.33s/it, avg_loss=99.7, data_time=132, grad_norm=417, iter=30, loss=132, model_time=78.6]      0%|          | 31/96139 [03:30<204:32:00,  7.66s/it, avg_loss=99.7, data_time=132, grad_norm=417, iter=30, loss=132, model_time=78.6]  0%|          | 31/96139 [03:38<204:32:00,  7.66s/it, avg_loss=103, data_time=136, grad_norm=4.43e+3, iter=31, loss=468, model_time=82.5]  0%|          | 32/96139 [03:38<212:17:26,  7.95s/it, avg_loss=103, data_time=136, grad_norm=4.43e+3, iter=31, loss=468, model_time=82.5]  0%|          | 32/96139 [03:50<212:17:26,  7.95s/it, avg_loss=105, data_time=141, grad_norm=501, iter=32, loss=256, model_time=89.3]      0%|          | 33/96139 [03:50<238:53:12,  8.95s/it, avg_loss=105, data_time=141, grad_norm=501, iter=32, loss=256, model_time=89.3]  0%|          | 33/96139 [03:59<238:53:12,  8.95s/it, avg_loss=109, data_time=146, grad_norm=951, iter=33, loss=473, model_time=93.6]  0%|          | 34/96139 [03:59<244:01:37,  9.14s/it, avg_loss=109, data_time=146, grad_norm=951, iter=33, loss=473, model_time=93.6]  0%|          | 34/96139 [04:06<244:01:37,  9.14s/it, avg_loss=109, data_time=150, grad_norm=412, iter=34, loss=195, model_time=96.5]  0%|          | 35/96139 [04:06<222:36:02,  8.34s/it, avg_loss=109, data_time=150, grad_norm=412, iter=34, loss=195, model_time=96.5]  0%|          | 35/96139 [04:13<222:36:02,  8.34s/it, avg_loss=110, data_time=154, grad_norm=1.66e+4, iter=35, loss=211, model_time=99.7]  0%|          | 36/96139 [04:13<216:54:16,  8.13s/it, avg_loss=110, data_time=154, grad_norm=1.66e+4, iter=35, loss=211, model_time=99.7]  0%|          | 36/96139 [04:20<216:54:16,  8.13s/it, avg_loss=113, data_time=157, grad_norm=397, iter=36, loss=355, model_time=103]       0%|          | 37/96139 [04:20<207:33:49,  7.78s/it, avg_loss=113, data_time=157, grad_norm=397, iter=36, loss=355, model_time=103]  0%|          | 37/96139 [04:30<207:33:49,  7.78s/it, avg_loss=113, data_time=160, grad_norm=887, iter=37, loss=107, model_time=110]  0%|          | 38/96139 [04:30<225:22:00,  8.44s/it, avg_loss=113, data_time=160, grad_norm=887, iter=37, loss=107, model_time=110]  0%|          | 38/96139 [04:41<225:22:00,  8.44s/it, avg_loss=117, data_time=167, grad_norm=915, iter=38, loss=519, model_time=115]  0%|          | 39/96139 [04:41<243:07:04,  9.11s/it, avg_loss=117, data_time=167, grad_norm=915, iter=38, loss=519, model_time=115]  0%|          | 39/96139 [04:48<243:07:04,  9.11s/it, avg_loss=117, data_time=170, grad_norm=889, iter=39, loss=103, model_time=118]  0%|          | 40/96139 [04:48<225:14:10,  8.44s/it, avg_loss=117, data_time=170, grad_norm=889, iter=39, loss=103, model_time=118]  0%|          | 40/96139 [05:02<225:14:10,  8.44s/it, avg_loss=121, data_time=176, grad_norm=3.41e+3, iter=40, loss=507, model_time=127]  0%|          | 41/96139 [05:02<274:11:07, 10.27s/it, avg_loss=121, data_time=176, grad_norm=3.41e+3, iter=40, loss=507, model_time=127]  0%|          | 41/96139 [05:10<274:11:07, 10.27s/it, avg_loss=121, data_time=180, grad_norm=92, iter=41, loss=128, model_time=130]       0%|          | 42/96139 [05:10<251:52:29,  9.44s/it, avg_loss=121, data_time=180, grad_norm=92, iter=41, loss=128, model_time=130]  0%|          | 42/96139 [05:21<251:52:29,  9.44s/it, avg_loss=127, data_time=187, grad_norm=4.17e+3, iter=42, loss=721, model_time=135]  0%|          | 43/96139 [05:21<268:05:10, 10.04s/it, avg_loss=127, data_time=187, grad_norm=4.17e+3, iter=42, loss=721, model_time=135]  0%|          | 43/96139 [05:31<268:05:10, 10.04s/it, avg_loss=130, data_time=192, grad_norm=391, iter=43, loss=488, model_time=140]      0%|          | 44/96139 [05:31<268:25:16, 10.06s/it, avg_loss=130, data_time=192, grad_norm=391, iter=43, loss=488, model_time=140]  0%|          | 44/96139 [05:42<268:25:16, 10.06s/it, avg_loss=131, data_time=195, grad_norm=472, iter=44, loss=205, model_time=147]  0%|          | 45/96139 [05:42<274:34:25, 10.29s/it, avg_loss=131, data_time=195, grad_norm=472, iter=44, loss=205, model_time=147]  0%|          | 45/96139 [05:50<274:34:25, 10.29s/it, avg_loss=131, data_time=199, grad_norm=430, iter=45, loss=101, model_time=151]  0%|          | 46/96139 [05:50<252:50:18,  9.47s/it, avg_loss=131, data_time=199, grad_norm=430, iter=45, loss=101, model_time=151]  0%|          | 46/96139 [05:56<252:50:18,  9.47s/it, avg_loss=131, data_time=202, grad_norm=266, iter=46, loss=128, model_time=155]  0%|          | 47/96139 [05:56<226:44:35,  8.49s/it, avg_loss=131, data_time=202, grad_norm=266, iter=46, loss=128, model_time=155]  0%|          | 47/96139 [06:09<226:44:35,  8.49s/it, avg_loss=135, data_time=207, grad_norm=895, iter=47, loss=541, model_time=163]  0%|          | 48/96139 [06:09<265:45:53,  9.96s/it, avg_loss=135, data_time=207, grad_norm=895, iter=47, loss=541, model_time=163]  0%|          | 48/96139 [06:18<265:45:53,  9.96s/it, avg_loss=137, data_time=211, grad_norm=3.68e+3, iter=48, loss=321, model_time=168]  0%|          | 49/96139 [06:18<255:46:54,  9.58s/it, avg_loss=137, data_time=211, grad_norm=3.68e+3, iter=48, loss=321, model_time=168]  0%|          | 49/96139 [06:26<255:46:54,  9.58s/it, avg_loss=137, data_time=215, grad_norm=1.33e+3, iter=49, loss=169, model_time=172]  0%|          | 50/96139 [06:26<242:29:45,  9.09s/it, avg_loss=137, data_time=215, grad_norm=1.33e+3, iter=49, loss=169, model_time=172]  0%|          | 50/96139 [06:38<242:29:45,  9.09s/it, avg_loss=138, data_time=218, grad_norm=252, iter=50, loss=181, model_time=180]      0%|          | 51/96139 [06:38<264:06:59,  9.90s/it, avg_loss=138, data_time=218, grad_norm=252, iter=50, loss=181, model_time=180]  0%|          | 51/96139 [06:49<264:06:59,  9.90s/it, avg_loss=141, data_time=224, grad_norm=3.01e+4, iter=51, loss=442, model_time=185]  0%|          | 52/96139 [06:49<273:21:20, 10.24s/it, avg_loss=141, data_time=224, grad_norm=3.01e+4, iter=51, loss=442, model_time=185]  0%|          | 52/96139 [06:57<273:21:20, 10.24s/it, avg_loss=141, data_time=228, grad_norm=513, iter=52, loss=181, model_time=189]      0%|          | 53/96139 [06:57<257:33:36,  9.65s/it, avg_loss=141, data_time=228, grad_norm=513, iter=52, loss=181, model_time=189]  0%|          | 53/96139 [07:09<257:33:36,  9.65s/it, avg_loss=142, data_time=232, grad_norm=223, iter=53, loss=220, model_time=197]  0%|          | 54/96139 [07:09<273:19:56, 10.24s/it, avg_loss=142, data_time=232, grad_norm=223, iter=53, loss=220, model_time=197]  0%|          | 54/96139 [07:21<273:19:56, 10.24s/it, avg_loss=145, data_time=238, grad_norm=4.62e+3, iter=54, loss=479, model_time=203]  0%|          | 55/96139 [07:21<287:21:32, 10.77s/it, avg_loss=145, data_time=238, grad_norm=4.62e+3, iter=54, loss=479, model_time=203]  0%|          | 55/96139 [07:31<287:21:32, 10.77s/it, avg_loss=148, data_time=243, grad_norm=5.92e+3, iter=55, loss=434, model_time=208]  0%|          | 56/96139 [07:31<286:58:07, 10.75s/it, avg_loss=148, data_time=243, grad_norm=5.92e+3, iter=55, loss=434, model_time=208]  0%|          | 56/96139 [07:44<286:58:07, 10.75s/it, avg_loss=150, data_time=248, grad_norm=1.08e+3, iter=56, loss=352, model_time=217]  0%|          | 57/96139 [07:44<304:27:25, 11.41s/it, avg_loss=150, data_time=248, grad_norm=1.08e+3, iter=56, loss=352, model_time=217]  0%|          | 57/96139 [07:53<304:27:25, 11.41s/it, avg_loss=150, data_time=252, grad_norm=1.73e+5, iter=57, loss=159, model_time=222]  0%|          | 58/96139 [07:53<285:07:06, 10.68s/it, avg_loss=150, data_time=252, grad_norm=1.73e+5, iter=57, loss=159, model_time=222]  0%|          | 58/96139 [08:08<285:07:06, 10.68s/it, avg_loss=151, data_time=258, grad_norm=1.05e+3, iter=58, loss=236, model_time=230]  0%|          | 59/96139 [08:08<316:37:35, 11.86s/it, avg_loss=151, data_time=258, grad_norm=1.05e+3, iter=58, loss=236, model_time=230]  0%|          | 59/96139 [08:17<316:37:35, 11.86s/it, avg_loss=151, data_time=262, grad_norm=138, iter=59, loss=116, model_time=235]      0%|          | 60/96139 [08:17<290:33:33, 10.89s/it, avg_loss=151, data_time=262, grad_norm=138, iter=59, loss=116, model_time=235]  0%|          | 60/96139 [08:28<290:33:33, 10.89s/it, avg_loss=153, data_time=268, grad_norm=1.65e+3, iter=60, loss=423, model_time=241]  0%|          | 61/96139 [08:28<294:49:32, 11.05s/it, avg_loss=153, data_time=268, grad_norm=1.65e+3, iter=60, loss=423, model_time=241]  0%|          | 61/96139 [08:41<294:49:32, 11.05s/it, avg_loss=154, data_time=272, grad_norm=2.38e+3, iter=61, loss=228, model_time=250]  0%|          | 62/96139 [08:41<307:37:26, 11.53s/it, avg_loss=154, data_time=272, grad_norm=2.38e+3, iter=61, loss=228, model_time=250]  0%|          | 62/96139 [08:49<307:37:26, 11.53s/it, avg_loss=156, data_time=275, grad_norm=2.04e+4, iter=62, loss=299, model_time=255]  0%|          | 63/96139 [08:49<283:40:15, 10.63s/it, avg_loss=156, data_time=275, grad_norm=2.04e+4, iter=62, loss=299, model_time=255]  0%|          | 63/96139 [09:01<283:40:15, 10.63s/it, avg_loss=155, data_time=278, grad_norm=3.71e+4, iter=63, loss=109, model_time=263]  0%|          | 64/96139 [09:01<291:07:00, 10.91s/it, avg_loss=155, data_time=278, grad_norm=3.71e+4, iter=63, loss=109, model_time=263]  0%|          | 64/96139 [09:10<291:07:00, 10.91s/it, avg_loss=157, data_time=282, grad_norm=1.57e+7, iter=64, loss=319, model_time=269]  0%|          | 65/96139 [09:10<282:27:40, 10.58s/it, avg_loss=157, data_time=282, grad_norm=1.57e+7, iter=64, loss=319, model_time=269]  0%|          | 65/96139 [09:23<282:27:40, 10.58s/it, avg_loss=159, data_time=288, grad_norm=1.02e+6, iter=65, loss=428, model_time=275]  0%|          | 66/96139 [09:23<296:03:44, 11.09s/it, avg_loss=159, data_time=288, grad_norm=1.02e+6, iter=65, loss=428, model_time=275]  0%|          | 66/96139 [09:37<296:03:44, 11.09s/it, avg_loss=161, data_time=293, grad_norm=1.1e+4, iter=66, loss=270, model_time=284]   0%|          | 67/96139 [09:37<321:35:37, 12.05s/it, avg_loss=161, data_time=293, grad_norm=1.1e+4, iter=66, loss=270, model_time=284]  0%|          | 67/96139 [09:47<321:35:37, 12.05s/it, avg_loss=160, data_time=298, grad_norm=190, iter=67, loss=59.7, model_time=289]    0%|          | 68/96139 [09:47<301:49:43, 11.31s/it, avg_loss=160, data_time=298, grad_norm=190, iter=67, loss=59.7, model_time=289]  0%|          | 68/96139 [10:01<301:49:43, 11.31s/it, avg_loss=159, data_time=303, grad_norm=2.39e+4, iter=68, loss=62.7, model_time=298]  0%|          | 69/96139 [10:01<322:19:30, 12.08s/it, avg_loss=159, data_time=303, grad_norm=2.39e+4, iter=68, loss=62.7, model_time=298]  0%|          | 69/96139 [10:09<322:19:30, 12.08s/it, avg_loss=157, data_time=306, grad_norm=65.3, iter=69, loss=26.4, model_time=303]     0%|          | 70/96139 [10:09<291:18:03, 10.92s/it, avg_loss=157, data_time=306, grad_norm=65.3, iter=69, loss=26.4, model_time=303]  0%|          | 70/96139 [10:25<291:18:03, 10.92s/it, avg_loss=161, data_time=312, grad_norm=5.45e+7, iter=70, loss=573, model_time=314]  0%|          | 71/96139 [10:25<335:27:03, 12.57s/it, avg_loss=161, data_time=312, grad_norm=5.45e+7, iter=70, loss=573, model_time=314]  0%|          | 71/96139 [10:37<335:27:03, 12.57s/it, avg_loss=163, data_time=318, grad_norm=1.51e+5, iter=71, loss=327, model_time=320]  0%|          | 72/96139 [10:37<329:22:35, 12.34s/it, avg_loss=163, data_time=318, grad_norm=1.51e+5, iter=71, loss=327, model_time=320]  0%|          | 72/96139 [10:50<329:22:35, 12.34s/it, avg_loss=162, data_time=321, grad_norm=7.26e+3, iter=72, loss=86.5, model_time=329]  0%|          | 73/96139 [10:50<331:27:46, 12.42s/it, avg_loss=162, data_time=321, grad_norm=7.26e+3, iter=72, loss=86.5, model_time=329]  0%|          | 73/96139 [10:58<331:27:46, 12.42s/it, avg_loss=161, data_time=324, grad_norm=44.8, iter=73, loss=55.6, model_time=334]     0%|          | 74/96139 [10:58<297:52:11, 11.16s/it, avg_loss=161, data_time=324, grad_norm=44.8, iter=73, loss=55.6, model_time=334]  0%|          | 74/96139 [11:11<297:52:11, 11.16s/it, avg_loss=162, data_time=329, grad_norm=1.92e+6, iter=74, loss=199, model_time=343]  0%|          | 75/96139 [11:11<317:55:21, 11.91s/it, avg_loss=162, data_time=329, grad_norm=1.92e+6, iter=74, loss=199, model_time=343]  0%|          | 75/96139 [11:22<317:55:21, 11.91s/it, avg_loss=162, data_time=334, grad_norm=8.47e+4, iter=75, loss=179, model_time=349]  0%|          | 76/96139 [11:22<308:29:12, 11.56s/it, avg_loss=162, data_time=334, grad_norm=8.47e+4, iter=75, loss=179, model_time=349]  0%|          | 76/96139 [11:37<308:29:12, 11.56s/it, avg_loss=163, data_time=339, grad_norm=2.37e+7, iter=76, loss=272, model_time=359]  0%|          | 77/96139 [11:37<337:02:12, 12.63s/it, avg_loss=163, data_time=339, grad_norm=2.37e+7, iter=76, loss=272, model_time=359]  0%|          | 77/96139 [11:47<337:02:12, 12.63s/it, avg_loss=162, data_time=343, grad_norm=5.92e+4, iter=77, loss=77.7, model_time=365]  0%|          | 78/96139 [11:47<315:05:27, 11.81s/it, avg_loss=162, data_time=343, grad_norm=5.92e+4, iter=77, loss=77.7, model_time=365]  0%|          | 78/96139 [12:03<315:05:27, 11.81s/it, avg_loss=165, data_time=348, grad_norm=1.68e+8, iter=78, loss=425, model_time=375]   0%|          | 79/96139 [12:03<346:00:51, 12.97s/it, avg_loss=165, data_time=348, grad_norm=1.68e+8, iter=78, loss=425, model_time=375]  0%|          | 79/96139 [12:14<346:00:51, 12.97s/it, avg_loss=168, data_time=353, grad_norm=2.95e+8, iter=79, loss=505, model_time=382]  0%|          | 80/96139 [12:14<330:22:59, 12.38s/it, avg_loss=168, data_time=353, grad_norm=2.95e+8, iter=79, loss=505, model_time=382]  0%|          | 80/96139 [12:27<330:22:59, 12.38s/it, avg_loss=167, data_time=356, grad_norm=3.29e+3, iter=80, loss=90, model_time=391]   0%|          | 81/96139 [12:27<335:36:27, 12.58s/it, avg_loss=167, data_time=356, grad_norm=3.29e+3, iter=80, loss=90, model_time=391]  0%|          | 81/96139 [12:39<335:36:27, 12.58s/it, avg_loss=169, data_time=361, grad_norm=2.74e+8, iter=81, loss=317, model_time=398]  0%|          | 82/96139 [12:39<331:24:36, 12.42s/it, avg_loss=169, data_time=361, grad_norm=2.74e+8, iter=81, loss=317, model_time=398]  0%|          | 82/96139 [12:55<331:24:36, 12.42s/it, avg_loss=171, data_time=367, grad_norm=8.12e+13, iter=82, loss=349, model_time=409]  0%|          | 83/96139 [12:55<363:18:38, 13.62s/it, avg_loss=171, data_time=367, grad_norm=8.12e+13, iter=82, loss=349, model_time=409]  0%|          | 83/96139 [13:07<363:18:38, 13.62s/it, avg_loss=172, data_time=371, grad_norm=6.13e+8, iter=83, loss=330, model_time=416]   0%|          | 84/96139 [13:07<343:52:28, 12.89s/it, avg_loss=172, data_time=371, grad_norm=6.13e+8, iter=83, loss=330, model_time=416]  0%|          | 84/96139 [13:23<343:52:28, 12.89s/it, avg_loss=176, data_time=376, grad_norm=3.93e+10, iter=84, loss=602, model_time=427]  0%|          | 85/96139 [13:23<370:14:12, 13.88s/it, avg_loss=176, data_time=376, grad_norm=3.93e+10, iter=84, loss=602, model_time=427]  0%|          | 85/96139 [13:34<370:14:12, 13.88s/it, avg_loss=176, data_time=381, grad_norm=1.05e+8, iter=85, loss=150, model_time=434]   0%|          | 86/96139 [13:34<352:36:39, 13.22s/it, avg_loss=176, data_time=381, grad_norm=1.05e+8, iter=85, loss=150, model_time=434]  0%|          | 86/96139 [13:49<352:36:39, 13.22s/it, avg_loss=177, data_time=385, grad_norm=2.32e+10, iter=86, loss=262, model_time=444]  0%|          | 87/96139 [13:49<359:59:54, 13.49s/it, avg_loss=177, data_time=385, grad_norm=2.32e+10, iter=86, loss=262, model_time=444]  0%|          | 87/96139 [13:58<359:59:54, 13.49s/it, avg_loss=176, data_time=388, grad_norm=287, iter=87, loss=53.5, model_time=450]      0%|          | 88/96139 [13:58<327:48:08, 12.29s/it, avg_loss=176, data_time=388, grad_norm=287, iter=87, loss=53.5, model_time=450]  0%|          | 88/96139 [14:13<327:48:08, 12.29s/it, avg_loss=176, data_time=393, grad_norm=5.61e+6, iter=88, loss=211, model_time=461]  0%|          | 89/96139 [14:13<349:37:13, 13.10s/it, avg_loss=176, data_time=393, grad_norm=5.61e+6, iter=88, loss=211, model_time=461]  0%|          | 89/96139 [14:31<349:37:13, 13.10s/it, avg_loss=181, data_time=398, grad_norm=1.1e+9, iter=89, loss=647, model_time=473]   0%|          | 90/96139 [14:31<384:38:27, 14.42s/it, avg_loss=181, data_time=398, grad_norm=1.1e+9, iter=89, loss=647, model_time=473]  0%|          | 90/96139 [14:45<384:38:27, 14.42s/it, avg_loss=184, data_time=404, grad_norm=5.79e+7, iter=90, loss=522, model_time=481]  0%|          | 91/96139 [14:45<381:40:13, 14.31s/it, avg_loss=184, data_time=404, grad_norm=5.79e+7, iter=90, loss=522, model_time=481]  0%|          | 91/96139 [15:01<381:40:13, 14.31s/it, avg_loss=187, data_time=410, grad_norm=1.42e+7, iter=91, loss=434, model_time=492]  0%|          | 92/96139 [15:01<398:17:28, 14.93s/it, avg_loss=187, data_time=410, grad_norm=1.42e+7, iter=91, loss=434, model_time=492]  0%|          | 92/96139 [15:15<398:17:28, 14.93s/it, avg_loss=189, data_time=416, grad_norm=4.32e+8, iter=92, loss=421, model_time=500]  0%|          | 93/96139 [15:15<389:15:24, 14.59s/it, avg_loss=189, data_time=416, grad_norm=4.32e+8, iter=92, loss=421, model_time=500]  0%|          | 93/96139 [15:31<389:15:24, 14.59s/it, avg_loss=189, data_time=421, grad_norm=2.48e+5, iter=93, loss=215, model_time=511]  0%|          | 94/96139 [15:31<402:04:39, 15.07s/it, avg_loss=189, data_time=421, grad_norm=2.48e+5, iter=93, loss=215, model_time=511]  0%|          | 94/96139 [15:41<402:04:39, 15.07s/it, avg_loss=188, data_time=425, grad_norm=114, iter=94, loss=79.2, model_time=517]     0%|          | 95/96139 [15:41<365:04:59, 13.68s/it, avg_loss=188, data_time=425, grad_norm=114, iter=94, loss=79.2, model_time=517]  0%|          | 95/96139 [15:56<365:04:59, 13.68s/it, avg_loss=187, data_time=429, grad_norm=1.74e+5, iter=95, loss=64, model_time=528]  0%|          | 96/96139 [15:56<373:45:36, 14.01s/it, avg_loss=187, data_time=429, grad_norm=1.74e+5, iter=95, loss=64, model_time=528]  0%|          | 96/96139 [16:13<373:45:36, 14.01s/it, avg_loss=190, data_time=434, grad_norm=1.41e+6, iter=96, loss=448, model_time=540]  0%|          | 97/96139 [16:13<396:13:44, 14.85s/it, avg_loss=190, data_time=434, grad_norm=1.41e+6, iter=96, loss=448, model_time=540]  0%|          | 97/96139 [16:27<396:13:44, 14.85s/it, avg_loss=192, data_time=440, grad_norm=5.7e+9, iter=97, loss=422, model_time=548]   0%|          | 98/96139 [16:27<390:53:32, 14.65s/it, avg_loss=192, data_time=440, grad_norm=5.7e+9, iter=97, loss=422, model_time=548]  0%|          | 98/96139 [16:44<390:53:32, 14.65s/it, avg_loss=196, data_time=445, grad_norm=6.26e+9, iter=98, loss=588, model_time=560]  0%|          | 99/96139 [16:44<410:30:51, 15.39s/it, avg_loss=196, data_time=445, grad_norm=6.26e+9, iter=98, loss=588, model_time=560]  0%|          | 99/96139 [16:59<410:30:51, 15.39s/it, avg_loss=199, data_time=451, grad_norm=3.88e+12, iter=99, loss=532, model_time=568]  0%|          | 100/96139 [16:59<404:40:31, 15.17s/it, avg_loss=199, data_time=451, grad_norm=3.88e+12, iter=99, loss=532, model_time=568]  0%|          | 100/96139 [17:14<404:40:31, 15.17s/it, avg_loss=198, data_time=455, grad_norm=7.92e+3, iter=100, loss=50.3, model_time=579]  0%|          | 101/96139 [17:14<402:27:33, 15.09s/it, avg_loss=198, data_time=455, grad_norm=7.92e+3, iter=100, loss=50.3, model_time=579]  0%|          | 101/96139 [17:32<402:27:33, 15.09s/it, avg_loss=202, data_time=461, grad_norm=4.7e+14, iter=101, loss=627, model_time=591]   0%|          | 102/96139 [17:32<425:38:53, 15.96s/it, avg_loss=202, data_time=461, grad_norm=4.7e+14, iter=101, loss=627, model_time=591]  0%|          | 102/96139 [17:44<425:38:53, 15.96s/it, avg_loss=204, data_time=465, grad_norm=1.27e+7, iter=102, loss=399, model_time=600]  0%|          | 103/96139 [17:44<399:19:50, 14.97s/it, avg_loss=204, data_time=465, grad_norm=1.27e+7, iter=102, loss=399, model_time=600]  0%|          | 103/96139 [18:00<399:19:50, 14.97s/it, avg_loss=205, data_time=470, grad_norm=5.88e+5, iter=103, loss=316, model_time=611]  0%|          | 104/96139 [18:00<405:48:34, 15.21s/it, avg_loss=205, data_time=470, grad_norm=5.88e+5, iter=103, loss=316, model_time=611]  0%|          | 104/96139 [18:18<405:48:34, 15.21s/it, avg_loss=207, data_time=475, grad_norm=6.91e+8, iter=104, loss=406, model_time=623]  0%|          | 105/96139 [18:18<427:25:12, 16.02s/it, avg_loss=207, data_time=475, grad_norm=6.91e+8, iter=104, loss=406, model_time=623]  0%|          | 105/96139 [18:29<427:25:12, 16.02s/it, avg_loss=206, data_time=479, grad_norm=446, iter=105, loss=55.7, model_time=631]     0%|          | 106/96139 [18:29<386:53:31, 14.50s/it, avg_loss=206, data_time=479, grad_norm=446, iter=105, loss=55.7, model_time=631]  0%|          | 106/96139 [18:47<386:53:31, 14.50s/it, avg_loss=208, data_time=484, grad_norm=1.03e+8, iter=106, loss=446, model_time=643]  0%|          | 107/96139 [18:47<409:54:57, 15.37s/it, avg_loss=208, data_time=484, grad_norm=1.03e+8, iter=106, loss=446, model_time=643]  0%|          | 107/96139 [19:04<409:54:57, 15.37s/it, avg_loss=208, data_time=489, grad_norm=1.04e+7, iter=107, loss=244, model_time=655]  0%|          | 108/96139 [19:04<424:39:06, 15.92s/it, avg_loss=208, data_time=489, grad_norm=1.04e+7, iter=107, loss=244, model_time=655]  0%|          | 108/96139 [19:18<424:39:06, 15.92s/it, avg_loss=210, data_time=495, grad_norm=1.24e+13, iter=108, loss=362, model_time=664]  0%|          | 109/96139 [19:18<412:35:33, 15.47s/it, avg_loss=210, data_time=495, grad_norm=1.24e+13, iter=108, loss=362, model_time=664]  0%|          | 109/96139 [19:37<412:35:33, 15.47s/it, avg_loss=214, data_time=501, grad_norm=6.64e+9, iter=109, loss=597, model_time=676]   0%|          | 110/96139 [19:37<441:05:26, 16.54s/it, avg_loss=214, data_time=501, grad_norm=6.64e+9, iter=109, loss=597, model_time=676]  0%|          | 110/96139 [19:54<441:05:26, 16.54s/it, avg_loss=215, data_time=506, grad_norm=5.89e+8, iter=110, loss=352, model_time=689]  0%|          | 111/96139 [19:54<445:02:55, 16.68s/it, avg_loss=215, data_time=506, grad_norm=5.89e+8, iter=110, loss=352, model_time=689]  0%|          | 111/96139 [20:08<445:02:55, 16.68s/it, avg_loss=214, data_time=511, grad_norm=1.09e+7, iter=111, loss=139, model_time=697]  0%|          | 112/96139 [20:08<418:02:09, 15.67s/it, avg_loss=214, data_time=511, grad_norm=1.09e+7, iter=111, loss=139, model_time=697]  0%|          | 112/96139 [20:25<418:02:09, 15.67s/it, avg_loss=217, data_time=516, grad_norm=2.51e+8, iter=112, loss=442, model_time=710]  0%|          | 113/96139 [20:25<429:43:47, 16.11s/it, avg_loss=217, data_time=516, grad_norm=2.51e+8, iter=112, loss=442, model_time=710]  0%|          | 113/96139 [20:44<429:43:47, 16.11s/it, avg_loss=220, data_time=522, grad_norm=6.53e+10, iter=113, loss=529, model_time=723]  0%|          | 114/96139 [20:44<457:18:00, 17.14s/it, avg_loss=220, data_time=522, grad_norm=6.53e+10, iter=113, loss=529, model_time=723]sys:1: RuntimeWarning: Traceback of forward call that caused the error:
  File "train.py", line 296, in <module>
    run(config)
  File "train.py", line 210, in run
    run_state = run_epoch(model, optimizer, train_ldr, logger, *run_state)
  File "train.py", line 52, in run_epoch
    loss = model.loss(temp_batch)
  File "/home/dzubke/awni_speech/speech/speech/models/ctc_model_train.py", line 53, in loss
    out, rnn_args = self.forward_impl(x)
  File "/home/dzubke/awni_speech/speech/speech/models/ctc_model_train.py", line 45, in forward_impl
    x, rnn_args = self.encode(x, rnn_args)
  File "/home/dzubke/awni_speech/speech/speech/models/model.py", line 84, in encode
    x = self.conv(x)
  File "/home/dzubke/miniconda3/envs/awni_env36/lib/python3.6/site-packages/torch/nn/modules/module.py", line 477, in __call__
    result = self.forward(*input, **kwargs)
  File "/home/dzubke/miniconda3/envs/awni_env36/lib/python3.6/site-packages/torch/nn/modules/container.py", line 91, in forward
    input = module(input)
  File "/home/dzubke/miniconda3/envs/awni_env36/lib/python3.6/site-packages/torch/nn/modules/module.py", line 477, in __call__
    result = self.forward(*input, **kwargs)
  File "/home/dzubke/miniconda3/envs/awni_env36/lib/python3.6/site-packages/torch/nn/modules/batchnorm.py", line 66, in forward
    exponential_average_factor, self.eps)
  File "/home/dzubke/miniconda3/envs/awni_env36/lib/python3.6/site-packages/torch/nn/functional.py", line 1254, in batch_norm
    training, momentum, eps, torch.backends.cudnn.enabled

Succesfully loaded weights from trained model
====== Model, loaders, optimimzer created =======
model: CTC_train(
  (conv): Sequential(
    (0): Conv2d(1, 32, kernel_size=(11, 41), stride=(1, 2), padding=(0, 20))
    (1): BatchNorm2d(32, eps=1e-05, momentum=0.1, affine=True, track_running_stats=True)
    (2): ReLU()
    (3): Dropout(p=0.4)
    (4): Conv2d(32, 32, kernel_size=(11, 21), stride=(1, 2), padding=(0, 10))
    (5): BatchNorm2d(32, eps=1e-05, momentum=0.1, affine=True, track_running_stats=True)
    (6): ReLU()
    (7): Dropout(p=0.4)
    (8): Conv2d(32, 96, kernel_size=(11, 21), stride=(1, 1), padding=(0, 10))
    (9): BatchNorm2d(96, eps=1e-05, momentum=0.1, affine=True, track_running_stats=True)
    (10): ReLU()
    (11): Dropout(p=0.4)
  )
  (rnn): LSTM(6240, 512, num_layers=5, batch_first=True, dropout=0.4)
  (fc): LinearND(
    (fc): Linear(in_features=512, out_features=40, bias=True)
  )
)
preproc: Showing limited attributes as not all new attributes are supported

_input_dim: 257
start_and_end: False
int_to_char: {0: 's', 1: 'sh', 2: 'ch', 3: 'ow', 4: 'n', 5: 'b', 6: 'g', 7: 'k', 8: 'ae', 9: 'd', 10: 'y', 11: 'ao', 12: 'p', 13: 'w', 14: 'm', 15: 't', 16: 'uw', 17: 'jh', 18: 'aa', 19: 'r', 20: 'ay', 21: 'zh', 22: 'ih', 23: 'oy', 24: 'ey', 25: 'th', 26: 'dh', 27: 'uh', 28: 'hh', 29: 'l', 30: 'iy', 31: 'eh', 32: 'z', 33: 'er', 34: 'v', 35: 'ah', 36: 'aw', 37: 'f', 38: 'ng'}
char_to_int: {'s': 0, 'sh': 1, 'ch': 2, 'ow': 3, 'n': 4, 'b': 5, 'g': 6, 'k': 7, 'ae': 8, 'd': 9, 'y': 10, 'ao': 11, 'p': 12, 'w': 13, 'm': 14, 't': 15, 'uw': 16, 'jh': 17, 'aa': 18, 'r': 19, 'ay': 20, 'zh': 21, 'ih': 22, 'oy': 23, 'ey': 24, 'th': 25, 'dh': 26, 'uh': 27, 'hh': 28, 'l': 29, 'iy': 30, 'eh': 31, 'z': 32, 'er': 33, 'v': 34, 'ah': 35, 'aw': 36, 'f': 37, 'ng': 38}
optimizer: SGD (
Parameter Group 0
    dampening: 0.98
    initial_lr: 0.0008
    lr: 0.0008
    momentum: 0.9
    nesterov: False
    weight_decay: 0
)
learning rate: 0.0008
Traceback (most recent call last):
  File "train.py", line 296, in <module>
    run(config)
  File "train.py", line 210, in run
    run_state = run_epoch(model, optimizer, train_ldr, logger, *run_state)
  File "train.py", line 56, in run_epoch
    loss.backward()
  File "/home/dzubke/miniconda3/envs/awni_env36/lib/python3.6/site-packages/torch/tensor.py", line 93, in backward
    torch.autograd.backward(self, gradient, retain_graph, create_graph)
  File "/home/dzubke/miniconda3/envs/awni_env36/lib/python3.6/site-packages/torch/autograd/__init__.py", line 90, in backward
    allow_unreachable=True)  # allow_unreachable flag
RuntimeError: Function 'CudnnBatchNormBackward' returned nan values in its 0th output.
  0%|          | 114/96139 [20:56<293:57:14, 11.02s/it, avg_loss=220, data_time=522, grad_norm=6.53e+10, iter=113, loss=529, model_time=723]